Archive member included because of file (symbol)

c:/infineon/tools/dave ide/4.5.0.202105191637/eclipse/arm-gcc-49/bin/../lib/gcc/arm-none-eabi/4.9.3/armv6-m\libgcc.a(_lshrdi3.o)
                              ./Libraries/XMCLib/src/xmc1_scu.o (__aeabi_llsr)
c:/infineon/tools/dave ide/4.5.0.202105191637/eclipse/arm-gcc-49/bin/../lib/gcc/arm-none-eabi/4.9.3/armv6-m\libgcc.a(_ashldi3.o)
                              ./Libraries/XMCLib/src/xmc1_scu.o (__aeabi_llsl)
c:/infineon/tools/dave ide/4.5.0.202105191637/eclipse/arm-gcc-49/bin/../lib/gcc/arm-none-eabi/4.9.3/armv6-m\libgcc.a(_aeabi_uldivmod.o)
                              ./Dave/Generated/TIMER/timer.o (__aeabi_uldivmod)
c:/infineon/tools/dave ide/4.5.0.202105191637/eclipse/arm-gcc-49/bin/../lib/gcc/arm-none-eabi/4.9.3/armv6-m\libgcc.a(_muldi3.o)
                              ./Dave/Generated/TIMER/timer.o (__aeabi_lmul)
c:/infineon/tools/dave ide/4.5.0.202105191637/eclipse/arm-gcc-49/bin/../lib/gcc/arm-none-eabi/4.9.3/armv6-m\libgcc.a(_fixunssfsi.o)
                              ./Libraries/XMCLib/src/xmc_usic.o (__aeabi_f2uiz)
c:/infineon/tools/dave ide/4.5.0.202105191637/eclipse/arm-gcc-49/bin/../lib/gcc/arm-none-eabi/4.9.3/armv6-m\libgcc.a(bpabi.o)
                              c:/infineon/tools/dave ide/4.5.0.202105191637/eclipse/arm-gcc-49/bin/../lib/gcc/arm-none-eabi/4.9.3/armv6-m\libgcc.a(_aeabi_uldivmod.o) (__gnu_uldivmod_helper)
c:/infineon/tools/dave ide/4.5.0.202105191637/eclipse/arm-gcc-49/bin/../lib/gcc/arm-none-eabi/4.9.3/armv6-m\libgcc.a(divsf3.o)
                              ./Libraries/XMCLib/src/xmc_usic.o (__aeabi_fdiv)
c:/infineon/tools/dave ide/4.5.0.202105191637/eclipse/arm-gcc-49/bin/../lib/gcc/arm-none-eabi/4.9.3/armv6-m\libgcc.a(mulsf3.o)
                              ./Libraries/XMCLib/src/xmc_usic.o (__aeabi_fmul)
c:/infineon/tools/dave ide/4.5.0.202105191637/eclipse/arm-gcc-49/bin/../lib/gcc/arm-none-eabi/4.9.3/armv6-m\libgcc.a(subsf3.o)
                              c:/infineon/tools/dave ide/4.5.0.202105191637/eclipse/arm-gcc-49/bin/../lib/gcc/arm-none-eabi/4.9.3/armv6-m\libgcc.a(_fixunssfsi.o) (__aeabi_fsub)
c:/infineon/tools/dave ide/4.5.0.202105191637/eclipse/arm-gcc-49/bin/../lib/gcc/arm-none-eabi/4.9.3/armv6-m\libgcc.a(fixsfsi.o)
                              c:/infineon/tools/dave ide/4.5.0.202105191637/eclipse/arm-gcc-49/bin/../lib/gcc/arm-none-eabi/4.9.3/armv6-m\libgcc.a(_fixunssfsi.o) (__aeabi_f2iz)
c:/infineon/tools/dave ide/4.5.0.202105191637/eclipse/arm-gcc-49/bin/../lib/gcc/arm-none-eabi/4.9.3/armv6-m\libgcc.a(floatunsisf.o)
                              ./Libraries/XMCLib/src/xmc_usic.o (__aeabi_ui2f)
c:/infineon/tools/dave ide/4.5.0.202105191637/eclipse/arm-gcc-49/bin/../lib/gcc/arm-none-eabi/4.9.3/armv6-m\libgcc.a(_dvmd_tls.o)
                              c:/infineon/tools/dave ide/4.5.0.202105191637/eclipse/arm-gcc-49/bin/../lib/gcc/arm-none-eabi/4.9.3/armv6-m\libgcc.a(_aeabi_uldivmod.o) (__aeabi_ldiv0)
c:/infineon/tools/dave ide/4.5.0.202105191637/eclipse/arm-gcc-49/bin/../lib/gcc/arm-none-eabi/4.9.3/armv6-m\libgcc.a(_arm_cmpsf2.o)
                              c:/infineon/tools/dave ide/4.5.0.202105191637/eclipse/arm-gcc-49/bin/../lib/gcc/arm-none-eabi/4.9.3/armv6-m\libgcc.a(_fixunssfsi.o) (__aeabi_fcmpge)
c:/infineon/tools/dave ide/4.5.0.202105191637/eclipse/arm-gcc-49/bin/../lib/gcc/arm-none-eabi/4.9.3/armv6-m\libgcc.a(_clzsi2.o)
                              c:/infineon/tools/dave ide/4.5.0.202105191637/eclipse/arm-gcc-49/bin/../lib/gcc/arm-none-eabi/4.9.3/armv6-m\libgcc.a(divsf3.o) (__clzsi2)
c:/infineon/tools/dave ide/4.5.0.202105191637/eclipse/arm-gcc-49/bin/../lib/gcc/arm-none-eabi/4.9.3/armv6-m\libgcc.a(_divdi3.o)
                              c:/infineon/tools/dave ide/4.5.0.202105191637/eclipse/arm-gcc-49/bin/../lib/gcc/arm-none-eabi/4.9.3/armv6-m\libgcc.a(bpabi.o) (__divdi3)
c:/infineon/tools/dave ide/4.5.0.202105191637/eclipse/arm-gcc-49/bin/../lib/gcc/arm-none-eabi/4.9.3/armv6-m\libgcc.a(_udivdi3.o)
                              c:/infineon/tools/dave ide/4.5.0.202105191637/eclipse/arm-gcc-49/bin/../lib/gcc/arm-none-eabi/4.9.3/armv6-m\libgcc.a(bpabi.o) (__udivdi3)
c:/infineon/tools/dave ide/4.5.0.202105191637/eclipse/arm-gcc-49/bin/../lib/gcc/arm-none-eabi/4.9.3/armv6-m\libgcc.a(eqsf2.o)
                              c:/infineon/tools/dave ide/4.5.0.202105191637/eclipse/arm-gcc-49/bin/../lib/gcc/arm-none-eabi/4.9.3/armv6-m\libgcc.a(_arm_cmpsf2.o) (__eqsf2)
c:/infineon/tools/dave ide/4.5.0.202105191637/eclipse/arm-gcc-49/bin/../lib/gcc/arm-none-eabi/4.9.3/armv6-m\libgcc.a(gesf2.o)
                              c:/infineon/tools/dave ide/4.5.0.202105191637/eclipse/arm-gcc-49/bin/../lib/gcc/arm-none-eabi/4.9.3/armv6-m\libgcc.a(_arm_cmpsf2.o) (__gesf2)
c:/infineon/tools/dave ide/4.5.0.202105191637/eclipse/arm-gcc-49/bin/../lib/gcc/arm-none-eabi/4.9.3/armv6-m\libgcc.a(lesf2.o)
[...]
Memory Configuration

Name             Origin             Length             Attributes
FLASH            0x10001000         0x00032000         xr
SRAM             0x20000000         0x00004000         !xr
*default*        0x00000000         0xffffffff

Linker script and memory map

LOAD ./Startup/startup_XMC1400.o
LOAD ./Startup/system_XMC1400.o
LOAD ./Libraries/XMCLib/src/xmc1_eru.o
LOAD ./Libraries/XMCLib/src/xmc1_flash.o
LOAD ./Libraries/XMCLib/src/xmc1_gpio.o
LOAD ./Libraries/XMCLib/src/xmc1_rtc.o
LOAD ./Libraries/XMCLib/src/xmc1_scu.o
LOAD ./Libraries/XMCLib/src/xmc_acmp.o
LOAD ./Libraries/XMCLib/src/xmc_bccu.o
LOAD ./Libraries/XMCLib/src/xmc_can.o
LOAD ./Libraries/XMCLib/src/xmc_ccu4.o
LOAD ./Libraries/XMCLib/src/xmc_ccu8.o
LOAD ./Libraries/XMCLib/src/xmc_common.o
LOAD ./Libraries/XMCLib/src/xmc_eru.o
LOAD ./Libraries/XMCLib/src/xmc_gpio.o
LOAD ./Libraries/XMCLib/src/xmc_i2c.o
LOAD ./Libraries/XMCLib/src/xmc_i2s.o
LOAD ./Libraries/XMCLib/src/xmc_ledts.o
LOAD ./Libraries/XMCLib/src/xmc_math.o
LOAD ./Libraries/XMCLib/src/xmc_pau.o
LOAD ./Libraries/XMCLib/src/xmc_posif.o
LOAD ./Libraries/XMCLib/src/xmc_prng.o
LOAD ./Libraries/XMCLib/src/xmc_rtc.o
LOAD ./Libraries/XMCLib/src/xmc_spi.o
LOAD ./Libraries/XMCLib/src/xmc_uart.o
LOAD ./Libraries/XMCLib/src/xmc_usic.o
LOAD ./Libraries/XMCLib/src/xmc_vadc.o
LOAD ./Libraries/XMCLib/src/xmc_wdt.o
LOAD ./Libraries/Newlib/syscalls.o
LOAD ./Dave/Generated/UART/uart.o
LOAD ./Dave/Generated/UART/uart_conf.o
LOAD ./Dave/Generated/TIMER/timer.o
LOAD ./Dave/Generated/TIMER/timer_conf.o
LOAD ./Dave/Generated/SPI_SLAVE/spi_slave.o
LOAD ./Dave/Generated/SPI_SLAVE/spi_slave_conf.o
LOAD ./Dave/Generated/INTERRUPT/interrupt.o
LOAD ./Dave/Generated/INTERRUPT/interrupt_conf.o
LOAD ./Dave/Generated/GLOBAL_CCU4/global_ccu4.o
LOAD ./Dave/Generated/GLOBAL_CCU4/global_ccu4_conf.o
LOAD ./Dave/Generated/GLOBAL_CAN/global_can.o
LOAD ./Dave/Generated/GLOBAL_CAN/global_can_conf.o
LOAD ./Dave/Generated/DIGITAL_IO/digital_io.o
LOAD ./Dave/Generated/DIGITAL_IO/digital_io_conf.o
LOAD ./Dave/Generated/CPU_CTRL_XMC1/cpu_ctrl_xmc1.o
LOAD ./Dave/Generated/CPU_CTRL_XMC1/cpu_ctrl_xmc1_conf.o
LOAD ./Dave/Generated/CLOCK_XMC1/clock_xmc1.o
LOAD ./Dave/Generated/CLOCK_XMC1/clock_xmc1_conf.o
LOAD ./Dave/Generated/CAN_NODE/can_node.o
LOAD ./Dave/Generated/CAN_NODE/can_node_conf.o
LOAD ./Dave/Generated/DAVE.o
LOAD ./.metadata/.plugins/org.eclipse.cdt.make.core/specs.o
LOAD ./PETS_CAN_DATA.o
LOAD ./Push_Button.o
LOAD ./Spi_Data.o
LOAD ./Uart_Data.o
LOAD ./ble_general_data.o
LOAD ./main.o
LOAD c:/infineon/tools/dave ide/4.5.0.202105191637/eclipse/arm-gcc-49/bin/../lib/gcc/arm-none-eabi/4.9.3/../../../../arm-none-eabi/lib/armv6-m\libstdc++_nano.a
LOAD c:/infineon/tools/dave ide/4.5.0.202105191637/eclipse/arm-gcc-49/bin/../lib/gcc/arm-none-eabi/4.9.3/../../../../arm-none-eabi/lib/armv6-m\libm.a
START GROUP
LOAD c:/infineon/tools/dave ide/4.5.0.202105191637/eclipse/arm-gcc-49/bin/../lib/gcc/arm-none-eabi/4.9.3/armv6-m\libgcc.a
LOAD c:/infineon/tools/dave ide/4.5.0.202105191637/eclipse/arm-gcc-49/bin/../lib/gcc/arm-none-eabi/4.9.3/../../../../arm-none-eabi/lib/armv6-m\libc_nano.a
END GROUP
START GROUP
LOAD c:/infineon/tools/dave ide/4.5.0.202105191637/eclipse/arm-gcc-49/bin/../lib/gcc/arm-none-eabi/4.9.3/armv6-m\libgcc.a
LOAD c:/infineon/tools/dave ide/4.5.0.202105191637/eclipse/arm-gcc-49/bin/../lib/gcc/arm-none-eabi/4.9.3/../../../../arm-none-eabi/lib/armv6-m\libc_nano.a
LOAD c:/infineon/tools/dave ide/4.5.0.202105191637/eclipse/arm-gcc-49/bin/../lib/gcc/arm-none-eabi/4.9.3/../../../../arm-none-eabi/lib/armv6-m\libnosys.a
END GROUP
START GROUP
LOAD c:/infineon/tools/dave ide/4.5.0.202105191637/eclipse/arm-gcc-49/bin/../lib/gcc/arm-none-eabi/4.9.3/armv6-m\libgcc.a
LOAD c:/infineon/tools/dave ide/4.5.0.202105191637/eclipse/arm-gcc-49/bin/../lib/gcc/arm-none-eabi/4.9.3/../../../../arm-none-eabi/lib/armv6-m\libc_nano.a
LOAD c:/infineon/tools/dave ide/4.5.0.202105191637/eclipse/arm-gcc-49/bin/../lib/gcc/arm-none-eabi/4.9.3/../../../../arm-none-eabi/lib/armv6-m\libnosys.a
END GROUP
                0x00000400                stack_size = DEFINED (stack_size)?stack_size:0x400
                0x00000004                no_init_size = 0x4

.text           0x10001000     0x2364
                0x10001000                sText = .
 *(.reset)
 .reset         0x10001000       0xa0 ./Startup/startup_XMC1400.o
                0x10001000                __Vectors
                0x1000101c                Reset_Handler
                0x1000109c                SysTick_Handler
                0x1000109c                IRQ5_Handler
                0x1000109c                PendSV_Handler
                0x1000109c                IRQ16_Handler
                0x1000109c                IRQ4_Handler
                0x1000109c                HardFault_Handler
                0x1000109c                IRQ23_Handler
                0x1000109c                IRQ22_Handler
                0x1000109c                IRQ29_Handler
                0x1000109c                IRQ20_Handler
                0x1000109c                IRQ13_Handler
                0x1000109c                IRQ25_Handler
                0x1000109c                IRQ30_Handler
                0x1000109c                IRQ21_Handler
                0x1000109c                IRQ31_Handler
                0x1000109c                IRQ28_Handler
                0x1000109c                IRQ24_Handler
                0x1000109c                SVC_Handler
                0x1000109c                IRQ19_Handler
                0x1000109c                IRQ6_Handler
                0x1000109c                IRQ15_Handler
                0x1000109c                IRQ18_Handler
                0x1000109c                IRQ11_Handler
                0x1000109c                IRQ14_Handler
                0x1000109c                IRQ7_Handler
                0x1000109c                IRQ12_Handler
                0x1000109c                IRQ8_Handler
                0x1000109c                IRQ27_Handler
                0x1000109c                IRQ26_Handler
                0x1000109c                IRQ17_Handler
 *(.text .text.* .gnu.linkonce.t.*)
 .text.OSCHP_GetFrequency
                0x100010a0        0x8 ./Startup/system_XMC1400.o
                0x100010a0                OSCHP_GetFrequency
 .text.SystemCoreClockUpdate
                0x100010a8       0x74 ./Startup/system_XMC1400.o
                0x100010a8                SystemCoreClockUpdate
 .text.SystemInit
                0x1000111c        0xc ./Startup/system_XMC1400.o
                0x1000111c                SystemInit
 .text.XMC_GPIO_Init
                0x10001128       0x78 ./Libraries/XMCLib/src/xmc1_gpio.o
                0x10001128                XMC_GPIO_Init
 .text.XMC_SCU_UnlockProtectedBits
                0x100011a0       0x14 ./Libraries/XMCLib/src/xmc1_scu.o
                0x100011a0                XMC_SCU_UnlockProtectedBits
 .text.XMC_SCU_CLOCK_UngatePeripheralClock
                0x100011b4       0x28 ./Libraries/XMCLib/src/xmc1_scu.o
                0x100011b4                XMC_SCU_CLOCK_UngatePeripheralClock
 .text.XMC_SCU_CLOCK_IsPeripheralClockGated
                0x100011dc       0x14 ./Libraries/XMCLib/src/xmc1_scu.o
                0x100011dc                XMC_SCU_CLOCK_IsPeripheralClockGated
 .text.XMC_SCU_CLOCK_ScaleMCLKFrequency
                0x100011f0       0xac ./Libraries/XMCLib/src/xmc1_scu.o
                0x100011f0                XMC_SCU_CLOCK_ScaleMCLKFrequency
 .text.XMC_SCU_CLOCK_Init
                0x1000129c       0xec ./Libraries/XMCLib/src/xmc1_scu.o
                0x1000129c                XMC_SCU_CLOCK_Init
 .text.XMC_SCU_CLOCK_GetPeripheralClockFrequency
                0x10001388        0xc ./Libraries/XMCLib/src/xmc1_scu.o
                0x10001388                XMC_SCU_CLOCK_GetPeripheralClockFrequency
 .text.XMC_SCU_SetInterruptControl
                0x10001394       0x38 ./Libraries/XMCLib/src/xmc1_scu.o
                0x10001394                XMC_SCU_SetInterruptControl
 .text.XMC_CAN_NODE_NominalBitTimeConfigureEx
                0x100013cc       0xdc ./Libraries/XMCLib/src/xmc_can.o
                0x100013cc                XMC_CAN_NODE_NominalBitTimeConfigureEx
 .text.XMC_CAN_AllocateMOtoNodeList
                0x100014a8       0x20 ./Libraries/XMCLib/src/xmc_can.o
                0x100014a8                XMC_CAN_AllocateMOtoNodeList
 .text.XMC_CAN_Enable
                0x100014c8       0x1c ./Libraries/XMCLib/src/xmc_can.o
                0x100014c8                XMC_CAN_Enable
 .text.XMC_CAN_GetBaudrateClockFrequency
                0x100014e4       0x26 ./Libraries/XMCLib/src/xmc_can.o
                0x100014e4                XMC_CAN_GetBaudrateClockFrequency
 *fill*         0x1000150a        0x2 
 .text.XMC_CAN_InitEx
                0x1000150c       0x60 ./Libraries/XMCLib/src/xmc_can.o
                0x1000150c                XMC_CAN_InitEx
 .text.XMC_CAN_MO_UpdateData
                0x1000156c       0x44 ./Libraries/XMCLib/src/xmc_can.o
                0x1000156c                XMC_CAN_MO_UpdateData
 .text.XMC_CAN_MO_Config
                0x100015b0       0x8c ./Libraries/XMCLib/src/xmc_can.o
                0x100015b0                XMC_CAN_MO_Config
 .text.XMC_CAN_MO_Receive
                0x1000163c       0xd8 ./Libraries/XMCLib/src/xmc_can.o
                0x1000163c                XMC_CAN_MO_Receive
 .text.XMC_CAN_NODE_EnableEvent
                0x10001714       0x18 ./Libraries/XMCLib/src/xmc_can.o
                0x10001714                XMC_CAN_NODE_EnableEvent
 .text.XMC_CCU4_lUngateClock
                0x1000172c       0x24 ./Libraries/XMCLib/src/xmc_ccu4.o
 .text.XMC_CCU4_Init
                0x10001750       0x24 ./Libraries/XMCLib/src/xmc_ccu4.o
                0x10001750                XMC_CCU4_Init
 .text.XMC_CCU4_SLICE_CompareInit
                0x10001774       0x2e ./Libraries/XMCLib/src/xmc_ccu4.o
                0x10001774                XMC_CCU4_SLICE_CompareInit
 *fill*         0x100017a2        0x2 
 .text.XMC_CCU4_SLICE_SetInterruptNode
                0x100017a4       0x2c ./Libraries/XMCLib/src/xmc_ccu4.o
                0x100017a4                XMC_CCU4_SLICE_SetInterruptNode
 .text.XMC_GPIO_SetHardwareControl
                0x100017d0       0x1a ./Libraries/XMCLib/src/xmc_gpio.o
                0x100017d0                XMC_GPIO_SetHardwareControl
 *fill*         0x100017ea        0x2 
 .text.__aeabi_uidiv
                0x100017ec       0x20 ./Libraries/XMCLib/src/xmc_math.o
                0x100017ec                __aeabi_uidiv
 .text.__aeabi_idiv
                0x1000180c       0x20 ./Libraries/XMCLib/src/xmc_math.o
                0x1000180c                __aeabi_idiv
 .text.__aeabi_uidivmod
                0x1000182c       0x20 ./Libraries/XMCLib/src/xmc_math.o
                0x1000182c                __aeabi_uidivmod
 .text.XMC_SPI_CH_InitEx
                0x1000184c       0x54 ./Libraries/XMCLib/src/xmc_spi.o
                0x1000184c                XMC_SPI_CH_InitEx
 .text.XMC_SPI_CH_Transmit
                0x100018a0       0x42 ./Libraries/XMCLib/src/xmc_spi.o
                0x100018a0                XMC_SPI_CH_Transmit
 .text.XMC_SPI_CH_GetReceivedData
                0x100018e2       0x18 ./Libraries/XMCLib/src/xmc_spi.o
                0x100018e2                XMC_SPI_CH_GetReceivedData
 .text.XMC_SPI_CH_EnableEvent
                0x100018fa       0x18 ./Libraries/XMCLib/src/xmc_spi.o
                0x100018fa                XMC_SPI_CH_EnableEvent
 *fill*         0x10001912        0x2 
 .text.XMC_UART_CH_InitEx
                0x10001914       0x84 ./Libraries/XMCLib/src/xmc_uart.o
                0x10001914                XMC_UART_CH_InitEx
 .text.XMC_UART_CH_Transmit
                0x10001998       0x2e ./Libraries/XMCLib/src/xmc_uart.o
                0x10001998                XMC_UART_CH_Transmit
 .text.XMC_UART_CH_GetReceivedData
                0x100019c6       0x18 ./Libraries/XMCLib/src/xmc_uart.o
                0x100019c6                XMC_UART_CH_GetReceivedData
 .text.XMC_USIC_Enable.part.0
                0x100019de       0x14 ./Libraries/XMCLib/src/xmc_usic.o
 *fill*         0x100019f2        0x2 
 .text.XMC_USIC_CH_SetBaudrate
                0x100019f4       0x9c ./Libraries/XMCLib/src/xmc_usic.o
                0x100019f4                XMC_USIC_CH_SetBaudrate
 .text.XMC_USIC_CH_SetBaudrateEx
                0x10001a90       0xb8 ./Libraries/XMCLib/src/xmc_usic.o
                0x10001a90                XMC_USIC_CH_SetBaudrateEx
 .text.XMC_USIC_CH_TXFIFO_Configure
                0x10001b48       0x28 ./Libraries/XMCLib/src/xmc_usic.o
                0x10001b48                XMC_USIC_CH_TXFIFO_Configure
 .text.XMC_USIC_CH_RXFIFO_Configure
                0x10001b70       0x30 ./Libraries/XMCLib/src/xmc_usic.o
                0x10001b70                XMC_USIC_CH_RXFIFO_Configure
 .text.XMC_USIC_CH_SetInterruptNodePointer
                0x10001ba0       0x12 ./Libraries/XMCLib/src/xmc_usic.o
                0x10001ba0                XMC_USIC_CH_SetInterruptNodePointer
 .text.XMC_USIC_CH_RXFIFO_SetInterruptNodePointer
                0x10001bb2       0x14 ./Libraries/XMCLib/src/xmc_usic.o
                0x10001bb2                XMC_USIC_CH_RXFIFO_SetInterruptNodePointer
 *fill*         0x10001bc6        0x2 
 .text.XMC_USIC_Enable
                0x10001bc8       0x34 ./Libraries/XMCLib/src/xmc_usic.o
                0x10001bc8                XMC_USIC_Enable
 .text.XMC_USIC_CH_Enable
                0x10001bfc       0x50 ./Libraries/XMCLib/src/xmc_usic.o
                0x10001bfc                XMC_USIC_CH_Enable
 .text._init    0x10001c4c        0x2 ./Libraries/Newlib/syscalls.o
                0x10001c4c                _init
 .text.UART_Init
                0x10001c4e        0xa ./Dave/Generated/UART/uart.o
                0x10001c4e                UART_Init
 .text.UART_Transmit
                0x10001c58       0x7e ./Dave/Generated/UART/uart.o
                0x10001c58                UART_Transmit
 .text.UART_Receive
                0x10001cd6       0x7c ./Dave/Generated/UART/uart.o
                0x10001cd6                UART_Receive
 *fill*         0x10001d52        0x2 
 .text.UART_0_init
                0x10001d54       0x94 ./Dave/Generated/UART/uart_conf.o
                0x10001d54                UART_0_init
 .text.TIMER_CCU4_lShadowTransfer
                0x10001de8       0x14 ./Dave/Generated/TIMER/timer.o
                0x10001de8                TIMER_CCU4_lShadowTransfer
 .text.TIMER_CCU4_lInit
                0x10001dfc       0x60 ./Dave/Generated/TIMER/timer.o
                0x10001dfc                TIMER_CCU4_lInit
 .text.TIMER_Init
                0x10001e5c       0x1e ./Dave/Generated/TIMER/timer.o
                0x10001e5c                TIMER_Init
 .text.SPI_SLAVE_Init
                0x10001e7a        0xa ./Dave/Generated/SPI_SLAVE/spi_slave.o
                0x10001e7a                SPI_SLAVE_Init
 .text.SPI_SLAVE_Transmit
                0x10001e84       0xa8 ./Dave/Generated/SPI_SLAVE/spi_slave.o
                0x10001e84                SPI_SLAVE_Transmit
 .text.SPI_SLAVE_Receive
                0x10001f2c       0xbc ./Dave/Generated/SPI_SLAVE/spi_slave.o
                0x10001f2c                SPI_SLAVE_Receive
 .text.SPI_SLAVE_lProtocolHandler
                0x10001fe8       0x36 ./Dave/Generated/SPI_SLAVE/spi_slave.o
                0x10001fe8                SPI_SLAVE_lProtocolHandler
 .text.XMC_SPI_CH_SetInputSource.constprop.0
                0x1000201e       0x20 ./Dave/Generated/SPI_SLAVE/spi_slave_conf.o
 *fill*         0x1000203e        0x2 
 .text.SPI_SLAVE_0_init
                0x10002040      0x144 ./Dave/Generated/SPI_SLAVE/spi_slave_conf.o
                0x10002040                SPI_SLAVE_0_init
 .text.IRQ9_Handler
                0x10002184       0x10 ./Dave/Generated/SPI_SLAVE/spi_slave_conf.o
                0x10002184                IRQ9_Handler
 .text.INTERRUPT_Init
                0x10002194       0xa8 ./Dave/Generated/INTERRUPT/interrupt.o
                0x10002194                INTERRUPT_Init
 .text.GLOBAL_CCU4_Init
                0x1000223c       0x22 ./Dave/Generated/GLOBAL_CCU4/global_ccu4.o
                0x1000223c                GLOBAL_CCU4_Init
 .text.GLOBAL_CAN_Init
                0x1000225e       0x1c ./Dave/Generated/GLOBAL_CAN/global_can.o
                0x1000225e                GLOBAL_CAN_Init
 .text.DIGITAL_IO_Init
                0x1000227a       0x1c ./Dave/Generated/DIGITAL_IO/digital_io.o
                0x1000227a                DIGITAL_IO_Init
 *fill*         0x10002296        0x2 
 .text.SystemCoreSetup
                0x10002298       0x10 ./Dave/Generated/CPU_CTRL_XMC1/cpu_ctrl_xmc1_conf.o
                0x10002298                SystemCoreSetup
 .text.CLOCK_XMC1_Init
                0x100022a8        0xe ./Dave/Generated/CLOCK_XMC1/clock_xmc1.o
                0x100022a8                CLOCK_XMC1_Init
 *fill*         0x100022b6        0x2 
 .text.SystemCoreClockSetup
                0x100022b8       0x20 ./Dave/Generated/CLOCK_XMC1/clock_xmc1_conf.o
                0x100022b8                SystemCoreClockSetup
 .text.CAN_NODE_MO_Init
                0x100022d8       0x4e ./Dave/Generated/CAN_NODE/can_node.o
                0x100022d8                CAN_NODE_MO_Init
 .text.CAN_NODE_MO_Receive
                0x10002326        0xa ./Dave/Generated/CAN_NODE/can_node.o
                0x10002326                CAN_NODE_MO_Receive
 .text.CAN_NODE_Init
                0x10002330      0x15c ./Dave/Generated/CAN_NODE/can_node.o
                0x10002330                CAN_NODE_Init
 .text.DAVE_Init
                0x1000248c      0x118 ./Dave/Generated/DAVE.o
                0x1000248c                DAVE_Init
 .text.CANH_SetCAN1aa
                0x100025a4       0x14 ./PETS_CAN_DATA.o
                0x100025a4                CANH_SetCAN1aa
 .text.IRQ3_Handler
                0x100025b8       0x30 ./PETS_CAN_DATA.o
                0x100025b8                IRQ3_Handler
 .text.CANH_SetCAN2aa
                0x100025e8       0x14 ./PETS_CAN_DATA.o
                0x100025e8                CANH_SetCAN2aa
 .text.IRQ1_Handler
                0x100025fc       0x20 ./PETS_CAN_DATA.o
                0x100025fc                IRQ1_Handler
 .text.CANH_SetCAN3aa
                0x1000261c       0x14 ./PETS_CAN_DATA.o
                0x1000261c                CANH_SetCAN3aa
 .text.IRQ2_Handler
                0x10002630       0x20 ./PETS_CAN_DATA.o
                0x10002630                IRQ2_Handler
 .text.CanH_Get_CAN1aa_Ride_Mode
                0x10002650       0x10 ./PETS_CAN_DATA.o
                0x10002650                CanH_Get_CAN1aa_Ride_Mode
 .text.CanH_Get_CAN1aa_Low_Battery
                0x10002660       0x10 ./PETS_CAN_DATA.o
                0x10002660                CanH_Get_CAN1aa_Low_Battery
 .text.CanH_Get_CAN1aa_Side_Stand
                0x10002670       0x10 ./PETS_CAN_DATA.o
                0x10002670                CanH_Get_CAN1aa_Side_Stand
 .text.CanH_Get_CAN1aa_Right_Indicator
                0x10002680       0x10 ./PETS_CAN_DATA.o
                0x10002680                CanH_Get_CAN1aa_Right_Indicator
 .text.CanH_Get_CAN1aa_Left_Indicator
                0x10002690       0x10 ./PETS_CAN_DATA.o
                0x10002690                CanH_Get_CAN1aa_Left_Indicator
 .text.CanH_Get_CAN1aa_High_Beam
                0x100026a0       0x10 ./PETS_CAN_DATA.o
                0x100026a0                CanH_Get_CAN1aa_High_Beam
 .text.CanH_Get_CAN1aa_Low_Beam
                0x100026b0       0x10 ./PETS_CAN_DATA.o
                0x100026b0                CanH_Get_CAN1aa_Low_Beam
 .text.CanH_Get_CAN1aa_Parking_Alert
                0x100026c0        0xc ./PETS_CAN_DATA.o
                0x100026c0                CanH_Get_CAN1aa_Parking_Alert
 .text.CanH_Get_Vehicle_Battery_Percentage
                0x100026cc        0xc ./PETS_CAN_DATA.o
                0x100026cc                CanH_Get_Vehicle_Battery_Percentage
 .text.CanH_Get_Vehicle_Speed
                0x100026d8        0xc ./PETS_CAN_DATA.o
                0x100026d8                CanH_Get_Vehicle_Speed
 .text.CanH_Get_TripA_Battery_Consumption
                0x100026e4        0xc ./PETS_CAN_DATA.o
                0x100026e4                CanH_Get_TripA_Battery_Consumption
 .text.CanH_Get_TripB_Battery_Consumption
                0x100026f0        0xc ./PETS_CAN_DATA.o
                0x100026f0                CanH_Get_TripB_Battery_Consumption
 .text.CanH_Get_Odometer_1
                0x100026fc        0xc ./PETS_CAN_DATA.o
                0x100026fc                CanH_Get_Odometer_1
 .text.CanH_Get_Odometer_2
                0x10002708        0xc ./PETS_CAN_DATA.o
                0x10002708                CanH_Get_Odometer_2
 .text.CanH_Get_Odometer_3
                0x10002714        0xc ./PETS_CAN_DATA.o
                0x10002714                CanH_Get_Odometer_3
 .text.CanH_Get_Front_TPMS
                0x10002720        0xc ./PETS_CAN_DATA.o
                0x10002720                CanH_Get_Front_TPMS
 .text.CanH_Get_Rear_TPMS
                0x1000272c        0xc ./PETS_CAN_DATA.o
                0x1000272c                CanH_Get_Rear_TPMS
 .text.CanH_Get_Rest_Range_1
                0x10002738        0xc ./PETS_CAN_DATA.o
                0x10002738                CanH_Get_Rest_Range_1
 .text.CanH_Get_Rest_Range_2
                0x10002744        0xc ./PETS_CAN_DATA.o
                0x10002744                CanH_Get_Rest_Range_2
 .text.CanH_Get_Rest_Range_3
                0x10002750        0xc ./PETS_CAN_DATA.o
                0x10002750                CanH_Get_Rest_Range_3
 .text.CanH_Get_TripA_Time_Hr
                0x1000275c        0xc ./PETS_CAN_DATA.o
                0x1000275c                CanH_Get_TripA_Time_Hr
 .text.CanH_Get_TripA_Time_Min
                0x10002768        0xc ./PETS_CAN_DATA.o
                0x10002768                CanH_Get_TripA_Time_Min
 .text.CanH_Get_TripB_Time_Hr
                0x10002774        0xc ./PETS_CAN_DATA.o
                0x10002774                CanH_Get_TripB_Time_Hr
 .text.CanH_Get_TripB_Time_Min
                0x10002780        0xc ./PETS_CAN_DATA.o
                0x10002780                CanH_Get_TripB_Time_Min
 .text.CanH_Get_TripA_1
                0x1000278c        0xc ./PETS_CAN_DATA.o
                0x1000278c                CanH_Get_TripA_1
 .text.CanH_Get_TripA_2
                0x10002798        0xc ./PETS_CAN_DATA.o
                0x10002798                CanH_Get_TripA_2
 .text.CanH_Get_TripA_3
                0x100027a4        0xc ./PETS_CAN_DATA.o
                0x100027a4                CanH_Get_TripA_3
 .text.CanH_Get_TripB_1
                0x100027b0        0xc ./PETS_CAN_DATA.o
                0x100027b0                CanH_Get_TripB_1
 .text.CanH_Get_TripB_2
                0x100027bc        0xc ./PETS_CAN_DATA.o
                0x100027bc                CanH_Get_TripB_2
 .text.CanH_Get_TripB_3
                0x100027c8        0xc ./PETS_CAN_DATA.o
                0x100027c8                CanH_Get_TripB_3
 .text.CAN_Reserved_Bit
                0x100027d4        0xc ./PETS_CAN_DATA.o
                0x100027d4                CAN_Reserved_Bit
 .text.Set_button
                0x100027e0       0x94 ./Push_Button.o
                0x100027e0                Set_button
 .text.set_Button_reserved_bit
                0x10002874        0xc ./Push_Button.o
                0x10002874                set_Button_reserved_bit
 .text.Spi_rx   0x10002880       0x84 ./Spi_Data.o
                0x10002880                Spi_rx
 .text.set_ble_connectivity_status
                0x10002904        0xc ./Spi_Data.o
                0x10002904                set_ble_connectivity_status
 .text.set_ble_Data_Availablity
                0x10002910       0x10 ./Spi_Data.o
                0x10002910                set_ble_Data_Availablity
 .text.set_ble_general_data
                0x10002920       0x10 ./Spi_Data.o
                0x10002920                set_ble_general_data
 .text.set_ble_phone_call_data
                0x10002930       0x10 ./Spi_Data.o
                0x10002930                set_ble_phone_call_data
 .text.set_ble_navigation_data
                0x10002940       0x10 ./Spi_Data.o
                0x10002940                set_ble_navigation_data
 .text.set_ble_music_player_data
                0x10002950       0x10 ./Spi_Data.o
                0x10002950                set_ble_music_player_data
 .text.set_ble_gopro_data
                0x10002960       0x10 ./Spi_Data.o
                0x10002960                set_ble_gopro_data
 .text.set_ble_paired_devices
                0x10002970       0x10 ./Spi_Data.o
                0x10002970                set_ble_paired_devices
 .text.set_ble_reserved_1
                0x10002980        0xc ./Spi_Data.o
                0x10002980                set_ble_reserved_1
 .text.set_Total_message_size
                0x1000298c        0xc ./Spi_Data.o
                0x1000298c                set_Total_message_size
 .text.set_Reserved_1
                0x10002998        0xc ./Spi_Data.o
                0x10002998                set_Reserved_1
 .text.set_Phone_Data_Availablity
                0x100029a4       0x10 ./Spi_Data.o
                0x100029a4                set_Phone_Data_Availablity
 .text.set_Phone_Message_Notification
                0x100029b4       0x10 ./Spi_Data.o
                0x100029b4                set_Phone_Message_Notification
 .text.set_Phone_Incomming_call
                0x100029c4       0x10 ./Spi_Data.o
                0x100029c4                set_Phone_Incomming_call
 .text.set_Phone_Ongoing_Call_notifiaction
                0x100029d4       0x10 ./Spi_Data.o
                0x100029d4                set_Phone_Ongoing_Call_notifiaction
 .text.set_Phone_End_Call
                0x100029e4       0x10 ./Spi_Data.o
                0x100029e4                set_Phone_End_Call
 .text.set_Phone_Missed_Call_Notification
                0x100029f4       0x10 ./Spi_Data.o
                0x100029f4                set_Phone_Missed_Call_Notification
 .text.set_phone_reserved_1
                0x10002a04        0xc ./Spi_Data.o
                0x10002a04                set_phone_reserved_1
 .text.set_Phone_volume
                0x10002a10        0xc ./Spi_Data.o
                0x10002a10                set_Phone_volume
 .text.set_Phone_Ongoing_call_Timer_Start
                0x10002a1c       0x10 ./Spi_Data.o
                0x10002a1c                set_Phone_Ongoing_call_Timer_Start
 .text.set_Phone_Ongoing_call_Timer_Stop
                0x10002a2c       0x10 ./Spi_Data.o
                0x10002a2c                set_Phone_Ongoing_call_Timer_Stop
 .text.set_Phone_Caller_Name_Identifier
                0x10002a3c        0xc ./Spi_Data.o
                0x10002a3c                set_Phone_Caller_Name_Identifier
 .text.set_Call_name_size
                0x10002a48        0xc ./Spi_Data.o
                0x10002a48                set_Call_name_size
 .text.set_Call_name
                0x10002a54        0x8 ./Spi_Data.o
                0x10002a54                set_Call_name
 .text.set_Phone_Caller_Number_Identifier
                0x10002a5c        0xc ./Spi_Data.o
                0x10002a5c                set_Phone_Caller_Number_Identifier
 .text.set_Call_num_size
                0x10002a68        0xc ./Spi_Data.o
                0x10002a68                set_Call_num_size
 .text.set_Call_num
                0x10002a74        0x8 ./Spi_Data.o
                0x10002a74                set_Call_num
 .text.set_Reserved_2
                0x10002a7c        0x8 ./Spi_Data.o
                0x10002a7c                set_Reserved_2
 .text.set_Navigation_Data_Availablity
                0x10002a84       0x10 ./Spi_Data.o
                0x10002a84                set_Navigation_Data_Availablity
 .text.set_Navigation_Turn_Type
                0x10002a94        0xc ./Spi_Data.o
                0x10002a94                set_Navigation_Turn_Type
 .text.set_Navigation_Turn_Distance_Identifier
                0x10002aa0        0xc ./Spi_Data.o
                0x10002aa0                set_Navigation_Turn_Distance_Identifier
 .text.set_Navigation_Turn_Distance_Size
                0x10002aac        0xc ./Spi_Data.o
                0x10002aac                set_Navigation_Turn_Distance_Size
 .text.set_Navigation_Turn_Distance
                0x10002ab8        0x8 ./Spi_Data.o
                0x10002ab8                set_Navigation_Turn_Distance
 .text.set_Navigation_Overall_Distance_Identifier
                0x10002ac0        0xc ./Spi_Data.o
                0x10002ac0                set_Navigation_Overall_Distance_Identifier
 .text.set_Navigation_Overall_Distance_Size
                0x10002acc        0xc ./Spi_Data.o
                0x10002acc                set_Navigation_Overall_Distance_Size
 .text.set_Navigation_Overall_Distance
                0x10002ad8        0x8 ./Spi_Data.o
                0x10002ad8                set_Navigation_Overall_Distance
 .text.set_Navigation_ETA_Identifier
                0x10002ae0        0xc ./Spi_Data.o
                0x10002ae0                set_Navigation_ETA_Identifier
 .text.set_Navigation_ETA_Hours
                0x10002aec        0xc ./Spi_Data.o
                0x10002aec                set_Navigation_ETA_Hours
 .text.set_Navigation_ETA_Minutes
                0x10002af8        0xc ./Spi_Data.o
                0x10002af8                set_Navigation_ETA_Minutes
 .text.set_Navigation_Reserved
                0x10002b04        0x8 ./Spi_Data.o
                0x10002b04                set_Navigation_Reserved
 .text.set_Music_Player_Data_Availablity
                0x10002b0c       0x10 ./Spi_Data.o
                0x10002b0c                set_Music_Player_Data_Availablity
 .text.set_Music_Player_Song_Status
                0x10002b1c       0x10 ./Spi_Data.o
                0x10002b1c                set_Music_Player_Song_Status
 .text.set_Music_Player_reserved_1
                0x10002b2c        0xc ./Spi_Data.o
                0x10002b2c                set_Music_Player_reserved_1
 .text.set_Music_Player_Volume
                0x10002b38        0xc ./Spi_Data.o
                0x10002b38                set_Music_Player_Volume
 .text.set_Music_Player_Song_Name_Identifier
                0x10002b44        0xc ./Spi_Data.o
                0x10002b44                set_Music_Player_Song_Name_Identifier
 .text.set_Music_Player_Song_Name_Size
                0x10002b50        0xc ./Spi_Data.o
                0x10002b50                set_Music_Player_Song_Name_Size
 .text.set_Music_Player_Song_Name
                0x10002b5c        0x8 ./Spi_Data.o
                0x10002b5c                set_Music_Player_Song_Name
 .text.set_Music_Player_Total_Min
                0x10002b64        0xc ./Spi_Data.o
                0x10002b64                set_Music_Player_Total_Min
 .text.set_Music_Player_Total_Sec
                0x10002b70        0xc ./Spi_Data.o
                0x10002b70                set_Music_Player_Total_Sec
 .text.set_Music_Player_Current_Playing_Min
                0x10002b7c        0xc ./Spi_Data.o
                0x10002b7c                set_Music_Player_Current_Playing_Min
 .text.set_Music_Player_Current_Playing_Sec
                0x10002b88        0xc ./Spi_Data.o
                0x10002b88                set_Music_Player_Current_Playing_Sec
 .text.set_Music_Player_Reserved
                0x10002b94        0x8 ./Spi_Data.o
                0x10002b94                set_Music_Player_Reserved
 .text.IRQ10_Handler
                0x10002b9c       0x2c ./Uart_Data.o
                0x10002b9c                IRQ10_Handler
 .text.setUartdata1aa
                0x10002bc8       0xc0 ./Uart_Data.o
                0x10002bc8                setUartdata1aa
 .text.setUartdata2aa
                0x10002c88       0x4c ./Uart_Data.o
                0x10002c88                setUartdata2aa
 .text.setUartdata3aa
                0x10002cd4       0x4c ./Uart_Data.o
                0x10002cd4                setUartdata3aa
 .text.set_Button
                0x10002d20       0x20 ./Uart_Data.o
                0x10002d20                set_Button
 .text.setBle_Genrl_Data
                0x10002d40       0xac ./Uart_Data.o
                0x10002d40                setBle_Genrl_Data
 .text.setBle_Phcall_Data
                0x10002dec       0xf0 ./Uart_Data.o
                0x10002dec                setBle_Phcall_Data
 .text.setBle_Navi_Data
                0x10002edc       0x84 ./Uart_Data.o
                0x10002edc                setBle_Navi_Data
 .text.setBle_Music_Player_Data
                0x10002f60       0x84 ./Uart_Data.o
                0x10002f60                setBle_Music_Player_Data
 .text.setUartarr
                0x10002fe4       0x6c ./Uart_Data.o
                0x10002fe4                setUartarr
 .text.IRQ0_Handler
                0x10003050       0x24 ./Uart_Data.o
                0x10003050                IRQ0_Handler
 .text.startup.main
                0x10003074        0x8 ./main.o
                0x10003074                main
 .text.__libc_init_array
                0x1000307c       0x4c c:/infineon/tools/dave ide/4.5.0.202105191637/eclipse/arm-gcc-49/bin/../lib/gcc/arm-none-eabi/4.9.3/../../../../arm-none-eabi/lib/armv6-m\libc_nano.a(lib_a-init.o)
                0x1000307c                __libc_init_array
 .text.memcpy   0x100030c8       0x12 c:/infineon/tools/dave ide/4.5.0.202105191637/eclipse/arm-gcc-49/bin/../lib/gcc/arm-none-eabi/4.9.3/../../../../arm-none-eabi/lib/armv6-m\libc_nano.a(lib_a-memcpy.o)
                0x100030c8                memcpy
 *(.init)
 *(.fini)
 *crtbegin.o(.ctors)
 *crtbegin?.o(.ctors)
 *(EXCLUDE_FILE(*crtend.o *crtend?.o) .ctors)
 *(SORT(.ctors.*))
 *(.ctors)
 *crtbegin.o(.dtors)
 *crtbegin?.o(.dtors)
 *(EXCLUDE_FILE(*crtend.o *crtend?.o) .dtors)
 *(SORT(.dtors.*))
 *(.dtors)
 *(.rodata .rodata.*)
 .rodata.CSWTCH.34
                0x100030da        0xc ./Libraries/XMCLib/src/xmc_ccu4.o
 .rodata.CSWTCH.35
                0x100030e6       0x18 ./Libraries/XMCLib/src/xmc_ccu4.o
 *fill*         0x100030fe        0x2 
 .rodata.UART_0_config
                0x10003100       0x28 ./Dave/Generated/UART/uart_conf.o
                0x10003100                UART_0_config
 .rodata.UART_0_rx_pin_config
                0x10003128        0x8 ./Dave/Generated/UART/uart_conf.o
                0x10003128                UART_0_rx_pin_config
 .rodata.UART_0_tx_pin
                0x10003130        0xc ./Dave/Generated/UART/uart_conf.o
                0x10003130                UART_0_tx_pin
 .rodata.UART_0_tx_pin_config
                0x1000313c        0x8 ./Dave/Generated/UART/uart_conf.o
                0x1000313c                UART_0_tx_pin_config
 .rodata.UART_0_channel_config
                0x10003144        0xc ./Dave/Generated/UART/uart_conf.o
                0x10003144                UART_0_channel_config
 .rodata.SPI_SLAVE_0_miso_pin
                0x10003150        0xc ./Dave/Generated/SPI_SLAVE/spi_slave_conf.o
                0x10003150                SPI_SLAVE_0_miso_pin
 .rodata.SPI_SLAVE_0_channel_config
                0x1000315c        0xc ./Dave/Generated/SPI_SLAVE/spi_slave_conf.o
                0x1000315c                SPI_SLAVE_0_channel_config
 .rodata.SPI_SLAVE_0_mosi_pin_config
                0x10003168        0x8 ./Dave/Generated/SPI_SLAVE/spi_slave_conf.o
                0x10003168                SPI_SLAVE_0_mosi_pin_config
 .rodata.SPI_SLAVE_0_conf
                0x10003170       0x20 ./Dave/Generated/SPI_SLAVE/spi_slave_conf.o
                0x10003170                SPI_SLAVE_0_conf
 .rodata.SPI_SLAVE_0_mosi_pin
                0x10003190        0xc ./Dave/Generated/SPI_SLAVE/spi_slave_conf.o
                0x10003190                SPI_SLAVE_0_mosi_pin
 .rodata.SPI_SLAVE_0_mosi1_pin_config
                0x1000319c        0x8 ./Dave/Generated/SPI_SLAVE/spi_slave_conf.o
                0x1000319c                SPI_SLAVE_0_mosi1_pin_config
 .rodata.SPI_SLAVE_0_sclk_pin_config
                0x100031a4        0x8 ./Dave/Generated/SPI_SLAVE/spi_slave_conf.o
                0x100031a4                SPI_SLAVE_0_sclk_pin_config
 .rodata.SPI_SLAVE_0_slavesel_pin_config
                0x100031ac        0x8 ./Dave/Generated/SPI_SLAVE/spi_slave_conf.o
                0x100031ac                SPI_SLAVE_0_slavesel_pin_config
 .rodata.INTERRUPT_0
                0x100031b4        0x6 ./Dave/Generated/INTERRUPT/interrupt_conf.o
                0x100031b4                INTERRUPT_0
 .rodata.INTERRUPT_1
                0x100031ba        0x6 ./Dave/Generated/INTERRUPT/interrupt_conf.o
                0x100031ba                INTERRUPT_1
 .rodata.INTERRUPT_2
                0x100031c0        0x6 ./Dave/Generated/INTERRUPT/interrupt_conf.o
                0x100031c0                INTERRUPT_2
 .rodata.INTERRUPT_3
                0x100031c6        0x6 ./Dave/Generated/INTERRUPT/interrupt_conf.o
                0x100031c6                INTERRUPT_3
 .rodata.INTERRUPT_4
                0x100031cc        0x6 ./Dave/Generated/INTERRUPT/interrupt_conf.o
                0x100031cc                INTERRUPT_4
 .rodata.INTERRUPT_5
                0x100031d2        0x6 ./Dave/Generated/INTERRUPT/interrupt_conf.o
                0x100031d2                INTERRUPT_5
 .rodata.DIGITAL_IO_0
                0x100031d8       0x10 ./Dave/Generated/DIGITAL_IO/digital_io_conf.o
                0x100031d8                DIGITAL_IO_0
 .rodata.DIGITAL_IO_1
                0x100031e8       0x10 ./Dave/Generated/DIGITAL_IO/digital_io_conf.o
                0x100031e8                DIGITAL_IO_1
 .rodata.DIGITAL_IO_2
                0x100031f8       0x10 ./Dave/Generated/DIGITAL_IO/digital_io_conf.o
                0x100031f8                DIGITAL_IO_2
 .rodata.DIGITAL_IO_3
                0x10003208       0x10 ./Dave/Generated/DIGITAL_IO/digital_io_conf.o
                0x10003208                DIGITAL_IO_3
 .rodata.DIGITAL_IO_4
                0x10003218       0x10 ./Dave/Generated/DIGITAL_IO/digital_io_conf.o
                0x10003218                DIGITAL_IO_4
 .rodata.DIGITAL_IO_5
                0x10003228       0x10 ./Dave/Generated/DIGITAL_IO/digital_io_conf.o
                0x10003228                DIGITAL_IO_5
 .rodata.DIGITAL_IO_6
                0x10003238       0x10 ./Dave/Generated/DIGITAL_IO/digital_io_conf.o
                0x10003238                DIGITAL_IO_6
 .rodata.DIGITAL_IO_7
                0x10003248       0x10 ./Dave/Generated/DIGITAL_IO/digital_io_conf.o
                0x10003248                DIGITAL_IO_7
 .rodata        0x10003258       0x10 ./Dave/Generated/CLOCK_XMC1/clock_xmc1_conf.o
 .rodata.CAN_NODE_0_gpio_out
                0x10003268        0x8 ./Dave/Generated/CAN_NODE/can_node_conf.o
 .rodata.CAN_NODE_0_gpio_in_config
                0x10003270        0x8 ./Dave/Generated/CAN_NODE/can_node_conf.o
 .rodata.CAN_NODE_0_LMO_01_Config
                0x10003278        0xc ./Dave/Generated/CAN_NODE/can_node_conf.o
                0x10003278                CAN_NODE_0_LMO_01_Config
 .rodata.CAN_NODE_0_LMO_03_Config
                0x10003284        0xc ./Dave/Generated/CAN_NODE/can_node_conf.o
                0x10003284                CAN_NODE_0_LMO_03_Config
 .rodata.CAN_NODE_0_LMO_02_Config
                0x10003290        0xc ./Dave/Generated/CAN_NODE/can_node_conf.o
                0x10003290                CAN_NODE_0_LMO_02_Config
 .rodata.CAN_NODE_0_BitTimeConfig
                0x1000329c        0xc ./Dave/Generated/CAN_NODE/can_node_conf.o
 .rodata.CAN_NODE_0_sr
                0x100032a8        0x4 ./Dave/Generated/CAN_NODE/can_node_conf.o
 .rodata.CAN_NODE_0_gpio_in
                0x100032ac        0x8 ./Dave/Generated/CAN_NODE/can_node_conf.o
 .rodata.CAN_NODE_0
                0x100032b4       0xa8 ./Dave/Generated/CAN_NODE/can_node_conf.o
                0x100032b4                CAN_NODE_0
 .rodata.CAN_NODE_0_gpio_out_config
                0x1000335c        0x8 ./Dave/Generated/CAN_NODE/can_node_conf.o
 *(.gnu.linkonce.r*)
 *(vtable)
                0x10003364                . = ALIGN (0x4)

.glue_7         0x10003364        0x0
 .glue_7        0x00000000        0x0 linker stubs

.glue_7t        0x10003364        0x0
 .glue_7t       0x00000000        0x0 linker stubs

.vfp11_veneer   0x10003364        0x0
 .vfp11_veneer  0x00000000        0x0 linker stubs

.v4_bx          0x10003364        0x0
 .v4_bx         0x00000000        0x0 linker stubs

.iplt           0x10003364        0x0
 .iplt          0x00000000        0x0 ./Startup/startup_XMC1400.o

.eh_frame_hdr
 *(.eh_frame_hdr)

.eh_frame
 *(.eh_frame)

.ARM.extab
 *(.ARM.extab* .gnu.linkonce.armextab.*)
                0x10003364                . = ALIGN (0x4)
                0x10003364                __exidx_start = .

.ARM.exidx
 *(.ARM.exidx* .gnu.linkonce.armexidx.*)
                0x10003364                __exidx_end = .
                0x10003364                . = ALIGN (0x4)

.VENEER_Code    0x2000000c      0x144 load address 0x10003364
                0x2000000c                . = ALIGN (0x4)
                0x2000000c                VeneerStart = .
 *(.XmcVeneerCode)
 .XmcVeneerCode
                0x2000000c      0x144 ./Startup/startup_XMC1400.o
                0x2000000c                HardFault_Veener
                0x2000002c                SVC_Veener
                0x20000038                PendSV_Veener
                0x2000003c                SysTick_Veener
                0x20000040                IRQ0_Veener
                0x20000044                IRQ1_Veener
                0x20000048                IRQ2_Veener
                0x2000004c                IRQ3_Veener
                0x20000050                IRQ4_Veener
                0x20000054                IRQ5_Veener
                0x20000058                IRQ6_Veener
                0x2000005c                IRQ7_Veener
                0x20000060                IRQ8_Veener
                0x20000064                IRQ9_Veener
                0x20000068                IRQ10_Veener
                0x2000006c                IRQ11_Veener
                0x20000070                IRQ12_Veener
                0x20000074                IRQ13_Veener
                0x20000078                IRQ14_Veener
                0x2000007c                IRQ15_Veener
                0x20000080                IRQ16_Veener
                0x20000084                IRQ17_Veener
                0x20000088                IRQ18_Veener
                0x2000008c                IRQ19_Veener
                0x20000090                IRQ20_Veener
                0x20000094                IRQ21_Veener
                0x20000098                IRQ22_Veener
                0x2000009c                IRQ23_Veener
                0x200000a0                IRQ24_Veener
                0x200000a4                IRQ25_Veener
                0x200000a8                IRQ26_Veener
                0x200000ac                IRQ27_Veener
                0x200000b0                IRQ28_Veener
                0x200000b4                IRQ29_Veener
                0x200000b8                IRQ30_Veener
                0x200000bc                IRQ31_Veener
                0x20000150                . = ALIGN (0x4)
                0x20000150                VeneerEnd = .
                0x10003364                eROData = LOADADDR (.VENEER_Code)
                0x00000144                VeneerSize = (ABSOLUTE (VeneerEnd) - ABSOLUTE (VeneerStart))

.rel.dyn        0x20000150        0x0 load address 0x100034a8
 .rel.iplt      0x00000000        0x0 ./Startup/startup_XMC1400.o

Stack           0x20000150      0x400 load address 0x00000000
                0x20000150                . = ALIGN (0x8)
                0x20000550                . = (. + stack_size)
 *fill*         0x20000150      0x400 
                0x20000550                __initial_sp = .

.data           0x20000550      0x118 load address 0x100034a8
                0x20000550                . = ALIGN (0x4)
                0x20000550                __data_start = .
 *(.data)
 *(.data*)
 .data.UART_0   0x20000550        0xc ./Dave/Generated/UART/uart_conf.o
                0x20000550                UART_0
 .data.TIMER_0  0x2000055c       0x28 ./Dave/Generated/TIMER/timer_conf.o
                0x2000055c                TIMER_0
 .data.TIMER_1  0x20000584       0x28 ./Dave/Generated/TIMER/timer_conf.o
                0x20000584                TIMER_1
 .data.TIMER_0_config
                0x200005ac        0x8 ./Dave/Generated/TIMER/timer_conf.o
                0x200005ac                TIMER_0_config
 .data.SPI_SLAVE_0_runtime
                0x200005b4       0x1c ./Dave/Generated/SPI_SLAVE/spi_slave_conf.o
                0x200005b4                SPI_SLAVE_0_runtime
 .data.SPI_SLAVE_0
                0x200005d0        0xc ./Dave/Generated/SPI_SLAVE/spi_slave_conf.o
                0x200005d0                SPI_SLAVE_0
 .data.GLOBAL_CCU4_0
                0x200005dc       0x10 ./Dave/Generated/GLOBAL_CCU4/global_ccu4_conf.o
                0x200005dc                GLOBAL_CCU4_0
 .data.GLOBAL_CCU4_1
                0x200005ec       0x10 ./Dave/Generated/GLOBAL_CCU4/global_ccu4_conf.o
                0x200005ec                GLOBAL_CCU4_1
 .data.GLOBAL_CAN_0
                0x200005fc        0xc ./Dave/Generated/GLOBAL_CAN/global_can_conf.o
                0x200005fc                GLOBAL_CAN_0
 .data.CAN_NODE_0_LMO_01
                0x20000608       0x20 ./Dave/Generated/CAN_NODE/can_node_conf.o
 .data.CAN_NODE_0_LMO_03
                0x20000628       0x20 ./Dave/Generated/CAN_NODE/can_node_conf.o
 .data.CAN_NODE_0_LMO_02
                0x20000648       0x20 ./Dave/Generated/CAN_NODE/can_node_conf.o
 *(*.data)
 *(.gnu.linkonce.d*)
                0x20000668                . = ALIGN (0x4)
                0x20000668                PROVIDE (__preinit_array_start, .)
 *(.preinit_array)
                0x20000668                PROVIDE (__preinit_array_end, .)
                0x20000668                . = ALIGN (0x4)
                0x20000668                PROVIDE (__init_array_start, .)
 *(SORT(.init_array.*))
 *(.init_array)
                0x20000668                PROVIDE (__init_array_end, .)
                0x20000668                . = ALIGN (0x4)
                0x20000668                PROVIDE (__fini_array_start, .)
 *(SORT(.fini_array.*))
 *(.fini_array)
                0x20000668                PROVIDE (__fini_array_end, .)
                0x20000668                . = ALIGN (0x4)
                0x20000668                __data_end = .
                0x100034a8                DataLoadAddr = LOADADDR (.data)
                0x00000118                __data_size = (__data_end - __data_start)

.igot.plt       0x20000668        0x0 load address 0x100035c0
 .igot.plt      0x00000000        0x0 ./Startup/startup_XMC1400.o

.ram_code       0x20000668        0x0 load address 0x100035c0
                0x20000668                . = ALIGN (0x4)
                0x20000668                __ram_code_start = .
 *(.ram_code)
                0x20000668                . = ALIGN (0x4)
                0x20000668                __ram_code_end = .
                0x100035c0                __ram_code_load = LOADADDR (.ram_code)
                0x00000000                __ram_code_size = (__ram_code_end - __ram_code_start)
                0x000025c0                __text_size = ((((__exidx_end - sText) + VeneerSize) + __data_size) + __ram_code_size)
                0x100035c0                eText = (sText + __text_size)

.bss            0x20000668      0x1f0 load address 0x100035c0
                0x20000668                . = ALIGN (0x4)
                0x20000668                __bss_start = .
 *(.bss)
 *(.bss*)
 .bss.FDIV.5135
                0x20000668        0x4 ./Startup/system_XMC1400.o
 .bss.IDIV.5134
                0x2000066c        0x4 ./Startup/system_XMC1400.o
 .bss.UART_0_runtime
                0x20000670       0x1c ./Dave/Generated/UART/uart_conf.o
                0x20000670                UART_0_runtime
 .bss.TIMER_1_config
                0x2000068c        0x8 ./Dave/Generated/TIMER/timer_conf.o
                0x2000068c                TIMER_1_config
 .bss.CLOCK_XMC1_0
                0x20000694        0x1 ./Dave/Generated/CLOCK_XMC1/clock_xmc1_conf.o
                0x20000694                CLOCK_XMC1_0
 .bss.Send_Data
                0x20000695       0x2b ./Spi_Data.o
                0x20000695                Send_Data
 .bss.Spi_Data  0x200006c0       0x2b ./Spi_Data.o
                0x200006c0                Spi_Data
 .bss.To_imx    0x200006eb       0x64 ./Uart_Data.o
                0x200006eb                To_imx
 .bss.From_imx  0x2000074f        0x2 ./Uart_Data.o
                0x2000074f                From_imx
 *(COMMON)
 COMMON         0x20000751       0x18 ./PETS_CAN_DATA.o
                0x20000751                msg1aa
                0x20000759                msg2aa
                0x20000761                msg2cc
 COMMON         0x20000769        0x2 ./Push_Button.o
                0x20000769                Push
 COMMON         0x2000076b       0x66 ./Spi_Data.o
                0x2000076b                Spi_Phcall_T
                0x20000792                Spi_Music_T
                0x200007ad                Spi_Genrl_T
                0x200007b1                Spi_Navi_T
 COMMON         0x200007d1       0x84 ./Uart_Data.o
                0x200007d1                Uart_Navi_T
                0x200007f1                Uart_Phcall_T
                0x20000818                Uart_Genrl_T
                0x2000083a                Uart_Music_T
 *(.gnu.linkonce.b*)
                0x20000858                . = ALIGN (0x4)
 *fill*         0x20000855        0x3 
                0x20000858                __bss_end = .
                0x20000858                . = ALIGN (0x8)
                0x20000858                Heap_Bank1_Start = .
                0x000001f0                __bss_size = (__bss_end - __bss_start)

.no_init        0x20003ffc        0x4 load address 0x00003eac
                0x20003ffc                Heap_Bank1_End = .
 *(.no_init)
 .no_init       0x20003ffc        0x4 ./Startup/system_XMC1400.o
                0x20003ffc                SystemCoreClock
                0x000037a4                Heap_Bank1_Size = (Heap_Bank1_End - Heap_Bank1_Start)
                0x00000001                ASSERT ((Heap_Bank1_Start <= Heap_Bank1_End), region SRAM overflowed no_init section)

/DISCARD/
 *(.comment)

.stab
 *(.stab)

.stabstr
 *(.stabstr)

.debug
 *(.debug)

.line
 *(.line)

.debug_srcinfo
 *(.debug_srcinfo)

.debug_sfnames
 *(.debug_sfnames)

.debug_aranges
 *(.debug_aranges)

.debug_pubnames
 *(.debug_pubnames)

.debug_pubtypes
 *(.debug_pubtypes)

.debug_info
 *(.debug_info .gnu.linkonce.wi.*)

.debug_abbrev
 *(.debug_abbrev)

.debug_line
 *(.debug_line)

.debug_frame    0x00000000       0x54
 *(.debug_frame)
 .debug_frame   0x00000000       0x2c c:/infineon/tools/dave ide/4.5.0.202105191637/eclipse/arm-gcc-49/bin/../lib/gcc/arm-none-eabi/4.9.3/../../../../arm-none-eabi/lib/armv6-m\libc_nano.a(lib_a-init.o)
 .debug_frame   0x0000002c       0x28 c:/infineon/tools/dave ide/4.5.0.202105191637/eclipse/arm-gcc-49/bin/../lib/gcc/arm-none-eabi/4.9.3/../../../../arm-none-eabi/lib/armv6-m\libc_nano.a(lib_a-memcpy.o)

.debug_str
 *(.debug_str)

.debug_loc
 *(.debug_loc)

.debug_macinfo
 *(.debug_macinfo)

.debug_ranges
 *(.debug_ranges)

.debug_weaknames
 *(.debug_weaknames)

.debug_funcnames
 *(.debug_funcnames)

.debug_typenames
 *(.debug_typenames)

.debug_varnames
 *(.debug_varnames)

.build_attributes
                0x00000000      0x75d
 *(.ARM.attributes)
 .ARM.attributes
                0x00000000       0x21 ./Startup/startup_XMC1400.o
 .ARM.attributes
                0x00000021       0x31 ./Startup/system_XMC1400.o
 .ARM.attributes
                0x00000052       0x31 ./Libraries/XMCLib/src/xmc1_gpio.o
 .ARM.attributes
                0x00000083       0x31 ./Libraries/XMCLib/src/xmc1_scu.o
 .ARM.attributes
                0x000000b4       0x31 ./Libraries/XMCLib/src/xmc_can.o
 .ARM.attributes
                0x000000e5       0x31 ./Libraries/XMCLib/src/xmc_ccu4.o
 .ARM.attributes
                0x00000116       0x31 ./Libraries/XMCLib/src/xmc_gpio.o
 .ARM.attributes
                0x00000147       0x31 ./Libraries/XMCLib/src/xmc_math.o
 .ARM.attributes
                0x00000178       0x31 ./Libraries/XMCLib/src/xmc_spi.o
 .ARM.attributes
                0x000001a9       0x31 ./Libraries/XMCLib/src/xmc_uart.o
 .ARM.attributes
                0x000001da       0x31 ./Libraries/XMCLib/src/xmc_usic.o
 .ARM.attributes
                0x0000020b       0x31 ./Libraries/Newlib/syscalls.o
 .ARM.attributes
                0x0000023c       0x31 ./Dave/Generated/UART/uart.o
 .ARM.attributes
                0x0000026d       0x31 ./Dave/Generated/UART/uart_conf.o
 .ARM.attributes
                0x0000029e       0x31 ./Dave/Generated/TIMER/timer.o
 .ARM.attributes
                0x000002cf       0x31 ./Dave/Generated/TIMER/timer_conf.o
 .ARM.attributes
                0x00000300       0x31 ./Dave/Generated/SPI_SLAVE/spi_slave.o
 .ARM.attributes
                0x00000331       0x31 ./Dave/Generated/SPI_SLAVE/spi_slave_conf.o
 .ARM.attributes
                0x00000362       0x31 ./Dave/Generated/INTERRUPT/interrupt.o
 .ARM.attributes
                0x00000393       0x31 ./Dave/Generated/INTERRUPT/interrupt_conf.o
 .ARM.attributes
                0x000003c4       0x31 ./Dave/Generated/GLOBAL_CCU4/global_ccu4.o
 .ARM.attributes
                0x000003f5       0x31 ./Dave/Generated/GLOBAL_CCU4/global_ccu4_conf.o
 .ARM.attributes
                0x00000426       0x31 ./Dave/Generated/GLOBAL_CAN/global_can.o
 .ARM.attributes
                0x00000457       0x31 ./Dave/Generated/GLOBAL_CAN/global_can_conf.o
 .ARM.attributes
                0x00000488       0x31 ./Dave/Generated/DIGITAL_IO/digital_io.o
 .ARM.attributes
                0x000004b9       0x31 ./Dave/Generated/DIGITAL_IO/digital_io_conf.o
 .ARM.attributes
                0x000004ea       0x31 ./Dave/Generated/CPU_CTRL_XMC1/cpu_ctrl_xmc1_conf.o
 .ARM.attributes
                0x0000051b       0x31 ./Dave/Generated/CLOCK_XMC1/clock_xmc1.o
 .ARM.attributes
                0x0000054c       0x31 ./Dave/Generated/CLOCK_XMC1/clock_xmc1_conf.o
 .ARM.attributes
                0x0000057d       0x31 ./Dave/Generated/CAN_NODE/can_node.o
 .ARM.attributes
                0x000005ae       0x31 ./Dave/Generated/CAN_NODE/can_node_conf.o
 .ARM.attributes
                0x000005df       0x31 ./Dave/Generated/DAVE.o
 .ARM.attributes
                0x00000610       0x31 ./PETS_CAN_DATA.o
 .ARM.attributes
                0x00000641       0x31 ./Push_Button.o
 .ARM.attributes
                0x00000672       0x31 ./Spi_Data.o
 .ARM.attributes
                0x000006a3       0x31 ./Uart_Data.o
 .ARM.attributes
                0x000006d4       0x31 ./main.o
 .ARM.attributes
                0x00000705       0x2c c:/infineon/tools/dave ide/4.5.0.202105191637/eclipse/arm-gcc-49/bin/../lib/gcc/arm-none-eabi/4.9.3/../../../../arm-none-eabi/lib/armv6-m\libc_nano.a(lib_a-init.o)
 .ARM.attributes
                0x00000731       0x2c c:/infineon/tools/dave ide/4.5.0.202105191637/eclipse/arm-gcc-49/bin/../lib/gcc/arm-none-eabi/4.9.3/../../../../arm-none-eabi/lib/armv6-m\libc_nano.a(lib_a-memcpy.o)
OUTPUT(XMC_CAN_UART_1.elf elf32-littlearm)
